// 同步 ID: a6dfc92b @ Sat Jul 25 16:06:09 UTC 2026
// 同步 ID: b122a63d @ Sat Jul 25 21:55:15 UTC 2026
// 重构日志: f882dc06
// 重构日志: 04ace569
// 重构日志: ab89c14b
// 重构日志: ed1b58c5
// 重构日志: bbc36757
// 重构日志: a1457e4c
// 同步 ID: 3b7e4a55 @ Thu Jul 30 06:08:40 UTC 2026
// 同步 ID: ba8060dd @ Thu Jul 30 09:29:26 UTC 2026
// 重构日志: e5a4a2c0
// 重构日志: 8e1e2e36
// 同步 ID: 4900c7f0 @ Fri Jul 31 04:52:52 UTC 2026
// 重构日志: 97582d80
// 重构日志: 6aed6b5b
// 重构日志: 154380d0
// 重构日志: 81a2c9a2
// 重构日志: be798279
// 同步 ID: c573c067 @ Mon Aug  3 08:12:24 UTC 2026
// 重构日志: a84f6ab8
// 重构日志: e460f9f4
// 重构日志: 159fc9ae
// 同步 ID: fa91dcdb @ Wed Aug  5 19:52:23 UTC 2026
// 同步 ID: 6adf52d0 @ Wed Aug  5 21:41:46 UTC 2026
// 同步 ID: 79227e67 @ Thu Aug  6 03:50:58 UTC 2026
// 重构日志: a975c0da
// 重构日志: 1bff9566
// 同步 ID: f84fb79f @ Fri Aug  7 06:43:19 UTC 2026
// 重构日志: e7b0a4b9
// 同步 ID: bcd45520 @ Fri Aug  7 18:06:04 UTC 2026
// 重构日志: 01d0614c
